{"step":"health","build":"ca96605b"}
{"step":"landing","ms":730,"title":"LabourMarket.ai — darbuotojai, darbdaviai, įgūdžiai ir darbo galimybės Europoje"}
{"step":"landing_first_words","text":"Paklausk. Pamatyk. Įdarbink. AI darbo rinkos operacinė sistema — pokalbis, žemėlapis ir rezultatas vienoje vietoje. PARAŠYKITE, KO REIKIA — SAVAIS ŽODŽIAIS Suprasti Pavyzdžiui: Reikia 12 pastolininkų Roterdame Ieškau darbo Norvegijoje Kur galiu atlikti praktiką? Dabar platformoje: 47 426 aktyvių darbo skelbimų · 8 792 darbdaviai · atnaujinta 2026-09-05 PRODUKTO GRANDINĖ Darbas tampa įrodymu. Įrodymas tampa kita tavo galimybe. 01 Darbo poreikis Įmonė įvardija realų poreikį — rolė, vieta, laikas. → 02 Tinkamas žmogus Atitikimas skaičiuojamas pagal įgūdžius ir prieinamumą, su priežastimis. →"}
{"step":"landing_understanding","intent":"find-work","text":"SUPRATAU „esu suvirintojas, ieškau darbo Norvegijoje“ Ieškote darbo. Pagal jūsų profesiją ir vietą parodysime tinkamas galimybes. Kad poreikį išsaugotume ir galėtume į jį atsakyti, reikia paskyros. Sakinys keliaus kartu su jumis. Sukurti paskyrą Turiu paskyrą — prisijungti"}
{"step":"door_href","href":"/lt/auth/signup?next=%2Fdashboard%3Fsay%3Desu%2Bsuvirintojas%252C%2Bie%25C5%25A1kau%2Bdarbo%2BNorvegijoje"}
{"step":"signup_url","url":"/lt/auth/signup?next=%2Fdashboard%3Fsay%3Desu%2Bsuvirintojas%252C%2Bie%25C5%25A1kau%2Bdarbo%2BNorvegijoje"}
{"step":"signup_form_text","text":"Sukurkite paskyrą Vienas profilis tavo tikriems įgūdžiams, prieinamumui ir darbo patirčiai — kad žmonės ir įmonės matytų, kur tinki tikriems darbo poreikiams. Prisiregistruok su Google arba el. paštu ir slaptažodžiu — vaidmenį pasirinksi kitame žingsnyje. Kurdami paskyrą patvirtinate, kad susipažinote su Naudojimo sąlygomis ir Privatumo politika. Jūsų paskyros duomenų valdytoja — UAB „Nonstop Group“. Duomenys tvarkomi paskyrai sukurti ir paslaugai teikti; rinkodarai jie nenaudojami be atskiro, neprivalomo sutikimo. Tęsti su Google ARBA Darbo el. paštas Slaptažodis Bent 8 simboliai, 1 didžioji raidė, 1 skaičius, 1 specialusis (!@#$%). Pakartok slaptažodį Jūsų atsiliepimai formuoja produktą — parašykite, kas veikia ir ko trūksta. Kurdami paskyrą patvirtinate, kad susipažinote su Naudojimo sąlygomis ir Privatumo politika. Jūsų paskyros duomenų valdytoja — UAB „Nonstop Group“. Duomenys tvarkomi paskyrai sukurti ir paslaugai teikti; rinkodarai jie nenaudojami be atskiro, neprivalomo sutikimo. Registruotis Jau turi paskyrą? Prisijungti"}
{"step":"signup_buttons","buttons":["Naudojimo sąlygomis","Privatumo politika","Tęsti su Google","Naudojimo sąlygomis","Privatumo politika","Registruotis","Prisijungti"]}
{"step":"landing_390_overflow","scrollW":390,"innerW":390}
{"step":"signup_390_overflow","scrollW":390,"innerW":390}
{"step":"signup_390_taps","taps":[{"t":"Naudojimo sąlygomis","w":123,"h":15},{"t":"Privatumo politika","w":103,"h":15},{"t":"Tęsti su Google","w":342,"h":44},{"t":"email","w":342,"h":44},{"t":"password","w":342,"h":44},{"t":"confirm_password","w":342,"h":44},{"t":"Naudojimo sąlygomis","w":123,"h":15},{"t":"Privatumo politika","w":103,"h":15},{"t":"Registruotis","w":129,"h":44},{"t":"Prisijungti","w":56,"h":15}]}
{"step":"signup_390_google_present","count":1}
{"step":"check_email_screen","ms":3031,"text":"Patvirtinkite el. paštą Išsiuntėme patvirtinimo nuorodą adresu e2e-join-2026-09-06@labourmarket.ai. Atidarykite ją, kad užbaigtumėte registraciją. Naujos nuorodos galėsite paprašyti po 60 s. Prisijungti →","buttons":["Prisijungti →"]}
{"step":"check_email_after_cooldown","text":"Patvirtinkite el. paštą Išsiuntėme patvirtinimo nuorodą adresu e2e-join-2026-09-06@labourmarket.ai. Atidarykite ją, kad užbaigtumėte registraciją. Siųsti nuorodą dar kartą Prisijungti →","resendVisible":1}
{"step":"check_email_login_link","href":"/lt/auth/login?next=%2Flt%2Fdashboard%3Fsay%3Desu%2Bsuvirintojas%252C%2Bie%25C5%25A1kau%2Bdarbo%2BNorvegijoje"}
{"step":"login_unconfirmed","url":"/lt/auth/login?next=%2Flt%2Fdashboard%3Fsay%3Desu%2Bsuvirintojas%252C%2Bie%25C5%25A1kau%2Bdarbo%2BNorvegijoje","text":"Prisijungti Prisijunk su Google arba el. paštu ir slaptažodžiu. Jei paskyros dar neturite, prisijungiant per socialinę paskyrą (pvz., „Google“) ji bus sukurta. Kurdami paskyrą patvirtinate, kad susipažinote su Naudojimo sąlygomis ir Privatumo politika. Jūsų paskyros duomenų valdytoja — UAB „Nonstop Group“. Duomenys tvarkomi paskyrai sukurti ir paslaugai teikti; rinkodarai jie nenaudojami be atskiro, neprivalomo sutikimo. Tęsti su Google ARBA El. paštas Slaptažodis Pamiršai slaptažodį? Jūsų el. paštas dar nepatvirtintas. Atidarykite atsiųstą patvirtinimo nuorodą arba paprašykite naujos žemiau. Siųsti naują patvirtinimo nuorodą Prisijungti Neturi paskyros? Registruotis Atkurti slaptažodį Atsių"}
{"step":"user_row","id":"8b67c1f1-8246-41d9-91d7-e387ee60ce95","confirmed_before":null,"created":"2026-09-06T06:47:05.513279Z"}
{"step":"confirmed_via","method":"auth.admin.updateUserById(email_confirm:true)"}
{"step":"after_login","ms":44,"url":"/lt/auth/login?next=%2Flt%2Fdashboard%3Fsay%3Desu%2Bsuvirintojas%252C%2Bie%25C5%25A1kau%2Bdarbo%2BNorvegijoje"}
{"result":"STAGE1_ERROR","error":"locator.waitFor: Timeout 60000ms exceeded.\nCall log:\n\u001b[2m  - waiting for getByTestId('onboarding-intents') to be visible\u001b[22m\n\n    at C:\\Users\\Mano\\Documents\\labourmarketai-wt\\real-people-doors\\docs\\launch\\pilot-feedback\\walks-2026-09-06\\walk-real-person-join\\stage1-join.cjs:132:46"}
