{"step":"health","build":"ca96605b"}
{"step":"counts_before","programs":1,"cohorts":1,"members":0,"studentInvitations":2}
{"leg":"institution_first_screen","text":"L LabourMarket AI Veikiate „E2E Walker UAB“ vardu. Čia galiu padėti su studentais, programomis ir grupėmis, darbuotojų poreikiais, kandidatais, projektais ir komanda. L LabourMarket AI 1 studento pakvietimas dar nepriimtas. 1 darbuotojas atsakė į jūsų rezervacijos pasiūlymą. Pakviesti studentą Mano pasiūlymai","chips":["Pakviesti studentą","Mano pasiūlymai"]}
{"check":"first screen speaks of students/programmes, not workers","ok":true,"detail":{"text":"L LabourMarket AI Veikiate „E2E Walker UAB“ vardu. Čia galiu padėti su studentais, programomis ir grupėmis, darbuotojų poreikiais, kandidatais, projektais ir komanda. L LabourMarket AI 1 studento pakvietimas dar nepriimt","chips":["Pakviesti studentą","Mano pasiūlymai"]}}
{"check":"first screen does not open with 'Man reikia darbuotojų' as the first chip","ok":true,"detail":["Pakviesti studentą","Mano pasiūlymai"]}
{"leg":"institution_add_programme","text":"","results":0,"firstAnswerMs":-1,"chips":["Tęsti","Atšaukti"],"fields":["field-name","field-description"]}
{"check":"'noriu pridėti studijų programą' opens the programme form or the programmes answer","ok":true,"detail":{"fields":["field-name","field-description"],"text":""}}
{"check":"it is not the not-understood menu","ok":true,"detail":""}
{"leg":"institution_create_cohort","text":"","results":0,"firstAnswerMs":-1,"chips":["Tęsti","Atšaukti","Tęsti","Atšaukti"],"fields":["field-name","field-description","field-startsOn","field-endsOn"]}
{"check":"'sukurk grupę …' reaches the cohort step (form, programme pick or programmes answer)","ok":true,"detail":{"fields":["field-name","field-description","field-startsOn","field-endsOn"],"text":""}}
{"leg":"institution_invite_student","text":"","results":0,"firstAnswerMs":-1,"chips":["Tęsti","Atšaukti","Tęsti","Atšaukti","Tęsti","Atšaukti"],"fields":["field-name","field-description","field-startsOn","field-endsOn","field-email"]}
{"check":"'pakviesk studentą <email>' opens the invite form with the e-mail prefilled (NOT submitted)","ok":true,"detail":{"emailValue":"vardenis@example.com","fields":["field-name","field-description","field-startsOn","field-endsOn","field-email"]}}
{"leg":"institution_show_programmes","text":"L LabourMarket AI Jūsų programos: • E2E Pastolininkų kursas (testinis) — grupių: 1 · rinkos paklausa: — Sukurti grupę Priskirti studentą Pakviesti studentą","results":0,"firstAnswerMs":6194,"chips":["Atšaukti","Tęsti","Atšaukti","Tęsti","Atšaukti","Sukurti grupę","Priskirti studentą","Pakviesti studentą"],"fields":["field-name","field-description","field-startsOn","field-endsOn","field-email"]}
{"check":"'rodyk programas' lists the institution's real programme(s) or says honestly there are none","ok":true,"detail":"L LabourMarket AI Jūsų programos: • E2E Pastolininkų kursas (testinis) — grupių: 1 · rinkos paklausa: — Sukurti grupę Priskirti studentą Pakviesti studentą"}
{"leg":"institution_q_fit_employer","sentence":"kurie studentai tinka šiam darbdaviui?","text":"L LabourMarket AI Žinutę darbdaviui gali parašyti iš konkretaus pasiūlymo. Parašyk „ieškau darbo“ — parodysiu tikrus poreikius, ir iš ten galėsi susisiekti.","chips":["Tęsti","Atšaukti","Tęsti","Atšaukti","Tęsti","Atšaukti"],"fields":["field-name","field-description","field-startsOn","field-endsOn","field-email"],"results":0}
{"observe":"institution_q_fit_employer understood (not the menu)","detail":true}
{"leg":"institution_q_skills_missing","sentence":"kokių įgūdžių trūksta mano studentams?","text":"L LabourMarket AI Nieko netrūksta: turi visus įgūdžius, kurių prašo 9 matomi poreikiai. Iš 9 tau matomų poreikių reikalavimų, palygintų su tavo įrašytais įgūdžiais.","chips":["Tęsti","Atšaukti","Tęsti","Atšaukti","Tęsti","Atšaukti"],"fields":["field-name","field-description","field-startsOn","field-endsOn","field-email"],"results":0}
{"observe":"institution_q_skills_missing understood (not the menu)","detail":true}
{"leg":"institution_q_outcomes","sentence":"rodyk programos rezultatus","text":"L LabourMarket AI Jūsų programos: • E2E Pastolininkų kursas (testinis) — grupių: 1 · rinkos paklausa: — Sukurti grupę Priskirti studentą Pakviesti studentą","chips":["Atšaukti","Tęsti","Atšaukti","Tęsti","Atšaukti","Sukurti grupę","Priskirti studentą","Pakviesti studentą"],"fields":["field-name","field-description","field-startsOn","field-endsOn","field-email"],"results":0}
{"observe":"institution_q_outcomes understood (not the menu)","detail":true}
{"leg":"institution_q_practice","sentence":"kur mano studentai gali atlikti praktiką?","text":"L LabourMarket AI Supratau „praktiką“, bet ten dabar tau nieko nematoma. Iš poreikių, kurie tau dabar matomi.","chips":["Tęsti","Atšaukti","Tęsti","Atšaukti","Tęsti","Atšaukti"],"fields":["field-name","field-description","field-startsOn","field-endsOn","field-email"],"results":0}
{"observe":"institution_q_practice understood (not the menu)","detail":true}
{"leg":"institution_company_page","headings":["Įmonės darbo erdvė","Projektai laike ir kas laisvas","Projektai laike","Kas laisvas dabar","Trūksta per 4 savaites","Reikia jūsų","Partneriai","E2E Walker UABLT","Ką veikia jūsų organizacija?","Besimokantieji","REZULTATAI","Programos ir grupės","Gyva rinkos paklausa","Ką čia galite padaryti","Personalo agentūros","RYŠIO KVIETIMAI","PRIJUNGTOS AGENTŪROS","Įmonės pasiruošimas","Operacijų erdvė","Darbuotojai / Komanda","Žurnalo peržiūra","Projektai, objektai ir užsakovai","Užklausos","Vadovavimo veikla","Komandos / brigados","Įmonės darbuotojai","Susiję darbuotojai","Pakviesti darbuotoją el. paštu","Laukiantys pakvietimai","Objektai ir aikštelės"],"testids":["institution-learners","institution-learners-counts","institution-learner-outcomes","institution-learner-outcomes-suppressed","institution-learners-list","institution-learner-pending","institution-learner-accepted","institution-learners-invite","institution-programs","institution-programs-list","program-8b8cae97-5a6f-4218-b983-f7e8bcf8ccd6","assign-learner-form-41f1234e-347a-40e1-8524-9b60fa34e0a6","create-program-form","program-name","program-profession","program-create","public-demand-institution"]}
{"check":"/dashboard/company shows the programmes section for a training_provider org","ok":true,"detail":["Įmonės darbo erdvė","Projektai laike ir kas laisvas","Projektai laike","Kas laisvas dabar","Trūksta per 4 savaites","Reikia jūsų","Partneriai","E2E Walker UABLT","Ką veikia jūsų organizacija?","Besimokantieji","REZULTATAI","Programos ir grupės","Gyva rinkos paklausa","Ką čia galite padaryti","Personalo agentūros","RYŠIO KVIETIMAI","PRIJUNGTOS AGENTŪROS","Įmonės pasiruošimas","Operacijų erdvė","Darbuotojai / Komanda"]}
{"check":"/dashboard/company shows the learners section","ok":true,"detail":["Įmonės darbo erdvė","Projektai laike ir kas laisvas","Projektai laike","Kas laisvas dabar","Trūksta per 4 savaites","Reikia jūsų","Partneriai","E2E Walker UABLT","Ką veikia jūsų organizacija?","Besimokantieji","REZULTATAI","Programos ir grupės","Gyva rinkos paklausa","Ką čia galite padaryti","Personalo agentūros","RYŠIO KVIETIMAI","PRIJUNGTOS AGENTŪROS","Įmonės pasiruošimas","Operacijų erdvė","Darbuotojai / Komanda"]}
{"check":"no internal vocabulary on the institution page (roster/workspace/RPC/kohorta)","ok":true,"detail":null}
{"leg":"institution_network_student","headings":["Ryšiai","ŽMONĖS IR ĮMONĖS","MANO IŠSIŲSTI KVIETIMAI","MANO ĮMONĖS","AKTYVŪS RYŠIAI","ADMINISTRAVIMAS"]}
{"leg":"institution_failed_requests","failed":[]}
{"leg":"institution_first_screen_mobile","text":"L LabourMarket AI Veikiate „E2E Walker UAB“ vardu. Čia galiu padėti su studentais, programomis ir grupėmis, darbuotojų poreikiais, kandidatais, projektais ir komanda. L LabourMarket AI 1 studento pakvietimas dar nepriimtas. 1 darbuotojas atsakė į jūsų rezervacijos pasiūlymą. Pakviesti studentą Mano pasiūlymai","chips":["Pakviesti studentą","Mano pasiūlymai"]}
{"check":"mobile first screen offers the institution's next steps","ok":true,"detail":["Pakviesti studentą","Mano pasiūlymai"]}
{"check":"company page does not overflow horizontally at 390 px","ok":true,"detail":{"wide":false}}
{"leg":"learner_first_screen","text":"L LabourMarket AI Mokotės su E2E Walker UAB — kiekvienas užfiksuotas darbas tampa jūsų įrodymų ir CV dalimi. L LabourMarket AI Mokotės E2E Walker UAB. Čia užfiksuota praktika ir mokymasis tampa jūsų įrodymais. Profilyje dar trūksta: Profesija. Užfiksuoti mokymąsi ar praktiką Mano profilis","chips":["Pradėti nuo savęs","Papildyti mano darbo profilį","Pridėti patirties įrodymų","Užfiksuoti mokymąsi ar praktiką","Mano profilis"]}
{"check":"learner's first screen names the institution","ok":true,"detail":"L LabourMarket AI Mokotės su E2E Walker UAB — kiekvienas užfiksuotas darbas tampa jūsų įrodymų ir CV dalimi. L LabourMarket AI Mokotės E2E Walker UAB. Čia užfiksuota praktika ir mokymasis tampa jūsų įrodymais. Profilyje dar trūksta: Profesi"}
{"leg":"learner_internship","text":"L LabourMarket AI Supratau „praktiką“, bet ten dabar tau nieko nematoma. Iš poreikių, kurie tau dabar matomi.","results":0,"firstAnswerMs":2814,"chips":[],"fields":[]}
{"check":"'kur galiu atlikti praktiką?' is understood (praktika named in the answer or a board)","ok":true,"detail":"L LabourMarket AI Supratau „praktiką“, bet ten dabar tau nieko nematoma. Iš poreikių, kurie tau dabar matomi."}
{"observe":"G-C2 (pre-fix build): internship answer chips","detail":{"chips":[],"text":"L LabourMarket AI Supratau „praktiką“, bet ten dabar tau nieko nematoma. Iš poreikių, kurie tau dabar matomi."}}
{"leg":"learner_compass","text":"L LabourMarket AI Kuo tampate: Darbo kryptis dar nepasirinkta. Ką jau turite: 0 įgūdžiai · 0 patvirtinti kitų · 0 žurnalo įrašai Kas jums tinka dabar: Tinkamų galimybių dar nėra — lenta pildosi, kai tampa žinomi jūsų įgūdžiai ir prieinamumas. Ko jums trūksta: Pagal rodomas galimybes nieko netrūksta. Iš tavo profesijos, įgūdžių, žurnalo, išsilavinimo ir tau matomų galimybių — tie patys duomenys, kuriuos rodo profilio kompasas. Pasirinkite darbo kryptį — be jos atranka neveikia. Pridėkite įgūdžius, kuriuos jau turite (arba įkelkite CV). Visas kompasas","results":0,"firstAnswerMs":3313,"chips":["Pasirinkite darbo kryptį — be jos atranka neveikia.","Pridėkite įgūdžius, kuriuos jau turite (arba įkelkite CV).","Visas kompasas"],"fields":[]}
{"check":"'ką man mokytis?' answers with the compass","ok":true,"detail":"L LabourMarket AI Kuo tampate: Darbo kryptis dar nepasirinkta. Ką jau turite: 0 įgūdžiai · 0 patvirtinti kitų · 0 žurnalo įrašai Kas jums tinka dabar: Tinkamų galimybių dar nėra — lenta pildosi, kai tampa žinomi jūsų įgūdžiai ir prieinamuma"}
{"leg":"learner_next","text":"","results":0,"firstAnswerMs":-1,"chips":["Prieinamumą ir atlygį","Kalbą","Darbo patirtį"],"fields":[]}
{"check":"'ką man daryti toliau?' is not the not-understood menu","ok":false,"detail":""}
{"leg":"learner_profile","institutionNamed":false,"compass":true}
{"leg":"learner_failed_requests","failed":[]}
{"step":"counts_after","programs":1,"cohorts":1,"members":0,"studentInvitations":2}
{"check":"zero residue: education row counts unchanged","ok":true,"detail":{"before":{"programs":1,"cohorts":1,"members":0,"studentInvitations":2},"after":{"programs":1,"cohorts":1,"members":0,"studentInvitations":2}}}
{"result":"FAIL","failed":["'ką man daryti toliau?' is not the not-understood menu"]}
EXIT=1
