{"step":"health","build":"6f6820ad"}
{"page":"/lt/dashboard/journal","who":"worker","nav":"ok","finalUrl":"/lt/dashboard/journal","total":9,"primary":2,"failed":[]}
{"page":"/lt/dashboard/journal","who":"worker","tag":"a","text":"Mano erdvės →","w":113,"h":26,"via":"self","primary":true,"testid":"room-my-spaces-link","cls":"shrink-0 rounded-md border border-brand-blue/40 px-2.5 py-1 text-xs font-medium text-brand-blue transition-col","tapCls":""}
{"page":"/lt/dashboard/journal","who":"worker","tag":"a","text":"A","w":121,"h":16,"via":"self","primary":false,"testid":"readiness-step-profession","cls":"inline-flex shrink-0 items-center gap-1 text-xs font-medium text-brand-blue hover:text-brand-cyan","tapCls":""}
{"page":"/lt/dashboard/journal","who":"worker","tag":"a","text":"A","w":145,"h":16,"via":"self","primary":false,"testid":"readiness-step-availability","cls":"inline-flex shrink-0 items-center gap-1 text-xs font-medium text-brand-blue hover:text-brand-cyan","tapCls":""}
{"page":"/lt/dashboard/journal","who":"worker","tag":"a","text":"A","w":100,"h":16,"via":"self","primary":false,"testid":"readiness-step-skills","cls":"inline-flex shrink-0 items-center gap-1 text-xs font-medium text-brand-blue hover:text-brand-cyan","tapCls":""}
{"page":"/lt/dashboard/journal","who":"worker","tag":"a","text":"A","w":123,"h":16,"via":"self","primary":false,"testid":"readiness-step-evidence","cls":"inline-flex shrink-0 items-center gap-1 text-xs font-medium text-brand-blue hover:text-brand-cyan","tapCls":""}
{"page":"/lt/dashboard/journal","who":"worker","tag":"a","text":"A","w":85,"h":15,"via":"self","primary":false,"testid":"journal-cv-bridge-link","cls":"font-medium text-brand-blue hover:underline","tapCls":""}
{"page":"/lt/dashboard/journal","who":"worker","tag":"a","text":"A","w":33,"h":15,"via":"self","primary":false,"testid":"journal-proof-loop-cv-link","cls":"font-medium text-brand-blue hover:underline","tapCls":""}
{"page":"/lt/dashboard/journal","who":"worker","tag":"a","text":"Mano įgūdžiai →","w":248,"h":33,"via":"self","primary":false,"testid":"","cls":"text-brand-blue hover:text-brand-cyan","tapCls":""}
{"page":"/lt/dashboard/journal","who":"worker","tag":"a","text":"Sukurta Rexora","w":86,"h":15,"via":"self","primary":true,"testid":"","cls":"text-xs text-text-muted transition-colors hover:text-text-secondary","tapCls":""}
{"page":"/lt/dashboard/opportunities","who":"worker","nav":"ok","finalUrl":"/lt/dashboard/opportunities","total":13,"primary":13,"failed":[]}
{"page":"/lt/dashboard/opportunities","who":"worker","tag":"a","text":"Peržiūrėti atpažintus įgūdžius →","w":212,"h":28,"via":"self","primary":true,"testid":"opportunities-no-skills-cta","cls":"rounded-md bg-brand-blue px-3 py-1.5 text-xs font-semibold text-white hover:bg-brand-blue/80","tapCls":""}
{"page":"/lt/dashboard/opportunities","who":"worker","tag":"a","text":"A","w":84,"h":30,"via":"self","primary":true,"testid":"opportunities-filter-profession","cls":"rounded-md border px-2.5 py-1.5 text-xs transition-colors border-ink-500 text-text-secondary hover:border-bran","tapCls":""}
{"page":"/lt/dashboard/opportunities","who":"worker","tag":"a","text":"A","w":90,"h":30,"via":"self","primary":true,"testid":"opportunities-filter-country","cls":"rounded-md border px-2.5 py-1.5 text-xs transition-colors border-ink-500 text-text-secondary hover:border-bran","tapCls":""}
{"page":"/lt/dashboard/opportunities","who":"worker","tag":"a","text":"A","w":108,"h":30,"via":"self","primary":true,"testid":"opportunities-filter-start","cls":"rounded-md border px-2.5 py-1.5 text-xs transition-colors border-ink-500 text-text-secondary hover:border-bran","tapCls":""}
{"page":"/lt/dashboard/opportunities","who":"worker","tag":"a","text":"A","w":148,"h":30,"via":"self","primary":true,"testid":"opportunities-filter-accommodation","cls":"rounded-md border px-2.5 py-1.5 text-xs transition-colors border-ink-500 text-text-secondary hover:border-bran","tapCls":""}
{"page":"/lt/dashboard/opportunities","who":"worker","tag":"a","text":"A","w":165,"h":30,"via":"self","primary":true,"testid":"opportunities-sort-relevance","cls":"rounded-md border px-2.5 py-1.5 text-xs transition-colors border-brand-blue bg-brand-blue/10 text-text-primary","tapCls":""}
{"page":"/lt/dashboard/opportunities","who":"worker","tag":"a","text":"A","w":146,"h":30,"via":"self","primary":true,"testid":"opportunities-sort-newest","cls":"rounded-md border px-2.5 py-1.5 text-xs transition-colors border-ink-500 text-text-secondary hover:border-bran","tapCls":""}
{"page":"/lt/dashboard/opportunities","who":"worker","tag":"button","text":"+ Daugiau informacijos","w":160,"h":36,"via":"self","primary":true,"testid":"","cls":"inline-flex w-fit min-h-[2.25rem] items-center gap-1.5 rounded-md border border-ink-500 px-3 py-1.5 text-xs fo","tapCls":""}
{"page":"/lt/dashboard/opportunities","who":"worker","tag":"button","text":"Išreikšti susidomėjimą","w":153,"h":28,"via":"self","primary":true,"testid":"interest-express","cls":"rounded-md bg-brand-blue px-3 py-1.5 text-xs font-semibold text-white hover:bg-brand-blue/80 disabled:opacity-","tapCls":""}
{"page":"/lt/dashboard/opportunities","who":"worker","tag":"a","text":"A","w":143,"h":16,"via":"self","primary":true,"testid":"trust-card-salary-benchmark-link","cls":"inline-flex w-fit items-center text-xs font-medium text-brand-blue hover:underline focus-visible:outline-none ","tapCls":""}
{"page":"/lt/dashboard/opportunities","who":"worker","tag":"a","text":"A","w":135,"h":20,"via":"self","primary":true,"testid":"opportunities-market-map-link","cls":"inline-flex w-fit items-center gap-1.5 text-sm font-medium text-brand-blue hover:text-brand-cyan","tapCls":""}
{"page":"/lt/dashboard/opportunities","who":"worker","tag":"a","text":"A","w":152,"h":36,"via":"self","primary":true,"testid":"","cls":"inline-block w-fit rounded-md bg-brand-blue px-4 py-2 text-sm font-semibold text-white hover:bg-brand-blue/80","tapCls":""}
{"page":"/lt/dashboard/opportunities","who":"worker","tag":"a","text":"Sukurta Rexora","w":86,"h":15,"via":"self","primary":true,"testid":"","cls":"text-xs text-text-muted transition-colors hover:text-text-secondary","tapCls":""}
{"page":"/lt/dashboard/documents","who":"worker","nav":"ok","finalUrl":"/lt/dashboard/documents","total":17,"primary":17,"failed":[]}
{"page":"/lt/dashboard/documents","who":"worker","tag":"a","text":"VISI","w":61,"h":36,"via":"self","primary":true,"testid":"","cls":"inline-flex min-h-9 items-center rounded-md border px-3 py-1.5 font-mono text-meta uppercase tracking-label tr","tapCls":""}
{"page":"/lt/dashboard/documents","who":"worker","tag":"a","text":"TRŪKSTA","w":86,"h":36,"via":"self","primary":true,"testid":"doc-centre-filter-status-missing","cls":"inline-flex min-h-9 items-center rounded-md border px-3 py-1.5 font-mono text-meta uppercase tracking-label tr","tapCls":""}
{"page":"/lt/dashboard/documents","who":"worker","tag":"a","text":"PARUOŠTA","w":95,"h":36,"via":"self","primary":true,"testid":"doc-centre-filter-status-ready","cls":"inline-flex min-h-9 items-center rounded-md border px-3 py-1.5 font-mono text-meta uppercase tracking-label tr","tapCls":""}
{"page":"/lt/dashboard/documents","who":"worker","tag":"a","text":"GREITAI BAIGSIS","w":156,"h":36,"via":"self","primary":true,"testid":"doc-centre-filter-status-expiring","cls":"inline-flex min-h-9 items-center rounded-md border px-3 py-1.5 font-mono text-meta uppercase tracking-label tr","tapCls":""}
{"page":"/lt/dashboard/documents","who":"worker","tag":"a","text":"UŽBLOKUOTA","w":112,"h":36,"via":"self","primary":true,"testid":"doc-centre-filter-status-blocked","cls":"inline-flex min-h-9 items-center rounded-md border px-3 py-1.5 font-mono text-meta uppercase tracking-label tr","tapCls":""}
{"page":"/lt/dashboard/documents","who":"worker","tag":"button","text":"Pateikti patikrai","w":105,"h":24,"via":"self","primary":true,"testid":"doc-verify-request-button","cls":"rounded-md border border-brand-blue/50 px-2 py-0.5 text-meta text-brand-blue hover:bg-brand-blue/10 disabled:o","tapCls":""}
{"page":"/lt/dashboard/documents","who":"worker","tag":"button","text":"ĮKELTI FAILĄ","w":130,"h":32,"via":"self","primary":true,"testid":"doc-file-upload-submit","cls":"rounded-md border border-brand-blue/50 px-3 py-1.5 font-mono text-meta uppercase tracking-label text-brand-blu","tapCls":""}
{"page":"/lt/dashboard/documents","who":"worker","tag":"a","text":"LT","w":43,"h":32,"via":"self","primary":true,"testid":"","cls":"rounded-md border px-3 py-1.5 font-mono text-meta uppercase tracking-label border-ink-500 text-text-secondary ","tapCls":""}
{"page":"/lt/dashboard/documents","who":"worker","tag":"a","text":"LV","w":43,"h":32,"via":"self","primary":true,"testid":"","cls":"rounded-md border px-3 py-1.5 font-mono text-meta uppercase tracking-label border-ink-500 text-text-secondary ","tapCls":""}
{"page":"/lt/dashboard/documents","who":"worker","tag":"a","text":"EE","w":43,"h":32,"via":"self","primary":true,"testid":"","cls":"rounded-md border px-3 py-1.5 font-mono text-meta uppercase tracking-label border-ink-500 text-text-secondary ","tapCls":""}
{"page":"/lt/dashboard/documents","who":"worker","tag":"a","text":"NL","w":43,"h":32,"via":"self","primary":true,"testid":"","cls":"rounded-md border px-3 py-1.5 font-mono text-meta uppercase tracking-label border-ink-500 text-text-secondary ","tapCls":""}
{"page":"/lt/dashboard/documents","who":"worker","tag":"a","text":"DE","w":43,"h":32,"via":"self","primary":true,"testid":"","cls":"rounded-md border px-3 py-1.5 font-mono text-meta uppercase tracking-label border-ink-500 text-text-secondary ","tapCls":""}
{"page":"/lt/dashboard/documents","who":"worker","tag":"a","text":"DK","w":43,"h":32,"via":"self","primary":true,"testid":"","cls":"rounded-md border px-3 py-1.5 font-mono text-meta uppercase tracking-label border-ink-500 text-text-secondary ","tapCls":""}
{"page":"/lt/dashboard/documents","who":"worker","tag":"a","text":"NO","w":43,"h":32,"via":"self","primary":true,"testid":"","cls":"rounded-md border px-3 py-1.5 font-mono text-meta uppercase tracking-label border-ink-500 text-text-secondary ","tapCls":""}
{"page":"/lt/dashboard/documents","who":"worker","tag":"a","text":"SE","w":43,"h":32,"via":"self","primary":true,"testid":"","cls":"rounded-md border px-3 py-1.5 font-mono text-meta uppercase tracking-label border-ink-500 text-text-secondary ","tapCls":""}
{"page":"/lt/dashboard/documents","who":"worker","tag":"a","text":"PL","w":43,"h":32,"via":"self","primary":true,"testid":"","cls":"rounded-md border px-3 py-1.5 font-mono text-meta uppercase tracking-label border-ink-500 text-text-secondary ","tapCls":""}
{"page":"/lt/dashboard/documents","who":"worker","tag":"a","text":"Sukurta Rexora","w":86,"h":15,"via":"self","primary":true,"testid":"","cls":"text-xs text-text-muted transition-colors hover:text-text-secondary","tapCls":""}
{"page":"/lt/dashboard/services","who":"worker","nav":"ok","finalUrl":"/lt/dashboard/services","total":3,"primary":3,"failed":[]}
{"page":"/lt/dashboard/services","who":"worker","tag":"button","text":"Pridėti paslaugą","w":138,"h":30,"via":"self","primary":true,"testid":"service-offering-add","cls":"inline-flex w-fit items-center gap-1.5 rounded-md border border-brand-blue/40 px-3 py-1.5 text-xs font-medium ","tapCls":""}
{"page":"/lt/dashboard/services","who":"worker","tag":"a","text":"Peržiūrėk užklausas dėl savo paslaugų","w":242,"h":16,"via":"self","primary":true,"testid":"services-to-requests-link","cls":"inline-flex w-fit items-center gap-1.5 text-xs font-medium text-text-muted transition-colors hover:text-brand-","tapCls":""}
{"page":"/lt/dashboard/services","who":"worker","tag":"a","text":"Sukurta Rexora","w":86,"h":15,"via":"self","primary":true,"testid":"","cls":"text-xs text-text-muted transition-colors hover:text-text-secondary","tapCls":""}
{"page":"/lt/dashboard/inbox/quick","who":"worker","nav":"ok","finalUrl":"/lt/dashboard/inbox/quick","total":2,"primary":2,"failed":[]}
{"page":"/lt/dashboard/inbox/quick","who":"worker","tag":"a","text":"Detali peržiūra →","w":99,"h":16,"via":"self","primary":true,"testid":"quick-detailed-link","cls":"w-fit text-xs font-medium text-brand-blue hover:underline","tapCls":""}
{"page":"/lt/dashboard/inbox/quick","who":"worker","tag":"a","text":"Sukurta Rexora","w":86,"h":15,"via":"self","primary":true,"testid":"","cls":"text-xs text-text-muted transition-colors hover:text-text-secondary","tapCls":""}
{"page":"/lt/dashboard/company","who":"company","nav":"ok","finalUrl":"/lt/dashboard/company","total":51,"primary":46,"failed":[]}
{"page":"/lt/dashboard/company","who":"company","tag":"a","text":"← Veiksmų centras","w":111,"h":16,"via":"self","primary":true,"testid":"back-to-action-center","cls":"shrink-0 text-xs font-medium text-brand-blue transition-colors hover:underline","tapCls":""}
{"page":"/lt/dashboard/company","who":"company","tag":"a","text":"Mano erdvės →","w":113,"h":26,"via":"self","primary":true,"testid":"room-my-spaces-link","cls":"shrink-0 rounded-md border border-brand-blue/40 px-2.5 py-1 text-xs font-medium text-brand-blue transition-col","tapCls":""}
{"page":"/lt/dashboard/company","who":"company","tag":"a","text":"E2E Vilniaus objektas (testinis)","w":235,"h":24,"via":"self","primary":false,"testid":"company-home-project-open","cls":"min-w-0 break-words font-display text-base font-semibold text-text-primary hover:underline focus-visible:outli","tapCls":""}
{"page":"/lt/dashboard/company","who":"company","tag":"a","text":"E2E Kauno objektas (testinis)","w":223,"h":24,"via":"self","primary":false,"testid":"company-home-project-open","cls":"min-w-0 break-words font-display text-base font-semibold text-text-primary hover:underline focus-visible:outli","tapCls":""}
{"page":"/lt/dashboard/company","who":"company","tag":"a","text":"E2E Walker UAB","w":139,"h":22,"via":"self","primary":true,"testid":"company-name-link","cls":"rounded-sm transition-colors hover:text-brand-blue focus-visible:outline-none focus-visible:ring-2 focus-visib","tapCls":""}
{"page":"/lt/dashboard/company","who":"company","tag":"a","text":"Sukurti paklausą →","w":135,"h":28,"via":"self","primary":true,"testid":"","cls":"inline-flex w-fit items-center gap-1 rounded-md border border-ink-500 px-2.5 py-1 text-meta font-semibold text","tapCls":""}
{"page":"/lt/dashboard/company","who":"company","tag":"button","text":"Išsaugoti","w":86,"h":36,"via":"self","primary":true,"testid":"org-capabilities-save","cls":"rounded border border-ink-500 bg-ink-800 px-3 py-1.5 text-support text-text-primary disabled:opacity-50","tapCls":""}
{"page":"/lt/dashboard/company","who":"company","tag":"a","text":"Kviesti studentus →","w":140,"h":28,"via":"self","primary":true,"testid":"institution-learners-invite","cls":"inline-flex w-fit items-center gap-1.5 rounded-md bg-gradient-to-r from-brand-blue to-brand-cyan px-3 py-1.5 t","tapCls":""}
{"page":"/lt/dashboard/company","who":"company","tag":"button","text":"Priskirti","w":69,"h":28,"via":"self","primary":true,"testid":"","cls":"inline-flex items-center rounded-md bg-gradient-to-r from-brand-blue to-brand-cyan px-3 py-1.5 text-xs font-se","tapCls":""}
{"page":"/lt/dashboard/company","who":"company","tag":"button","text":"Sukurti grupę","w":103,"h":28,"via":"self","primary":true,"testid":"","cls":"inline-flex items-center rounded-md bg-gradient-to-r from-brand-blue to-brand-cyan px-3 py-1.5 text-xs font-se","tapCls":""}
{"page":"/lt/dashboard/company","who":"company","tag":"button","text":"BUTTON","w":125,"h":28,"via":"self","primary":true,"testid":"program-create","cls":"inline-flex items-center rounded-md bg-gradient-to-r from-brand-blue to-brand-cyan px-3 py-1.5 text-xs font-se","tapCls":""}
{"page":"/lt/dashboard/company","who":"company","tag":"a","text":"Naujas poreikis / projektas","w":233,"h":36,"via":"self","primary":true,"testid":"company-action-primary","cls":"mt-1 inline-flex items-center gap-1.5 self-start rounded-md bg-gradient-cta px-4 py-2 text-sm font-semibold te","tapCls":""}
{"page":"/lt/dashboard/company","who":"company","tag":"button","text":"Atjungti","w":28,"h":28,"via":"self","primary":true,"testid":"","cls":"inline-flex h-7 w-7 items-center justify-center rounded-md border border-ink-500 text-text-muted transition-co","tapCls":""}
{"page":"/lt/dashboard/company","who":"company","tag":"a","text":"Darbuotojai / Komanda →","w":148,"h":16,"via":"self","primary":true,"testid":"company-ops-team-link","cls":"self-start text-xs font-semibold text-brand-blue hover:underline","tapCls":""}
{"page":"/lt/dashboard/company","who":"company","tag":"a","text":"Peržiūrėti įrašus →","w":110,"h":16,"via":"self","primary":true,"testid":"company-ops-review-link","cls":"self-start text-xs font-semibold text-brand-blue hover:underline","tapCls":""}
{"page":"/lt/dashboard/company","who":"company","tag":"a","text":"Sukurti projekto kontekstą","w":176,"h":26,"via":"self","primary":true,"testid":"company-ops-projects-create","cls":"w-fit rounded-md border border-brand-blue/40 px-3 py-1 text-xs font-medium text-brand-blue hover:bg-brand-blue","tapCls":""}
{"page":"/lt/dashboard/company","who":"company","tag":"a","text":"Atidaryti projektų lentą →","w":172,"h":26,"via":"self","primary":true,"testid":"company-ops-projects-manage","cls":"w-fit rounded-md border border-ink-500 px-3 py-1 text-xs font-medium text-text-secondary hover:border-brand-bl","tapCls":""}
{"page":"/lt/dashboard/company","who":"company","tag":"a","text":"Atidaryti užklausas →","w":127,"h":16,"via":"self","primary":true,"testid":"company-ops-needs-link","cls":"self-start text-xs font-semibold text-brand-blue hover:underline","tapCls":""}
{"page":"/lt/dashboard/company","who":"company","tag":"button","text":"Sukurti brigadą","w":136,"h":36,"via":"self","primary":true,"testid":"team-create-submit","cls":"inline-flex items-center justify-center gap-2 transition-colors focus-visible:outline-none focus-visible:ring-","tapCls":""}
{"page":"/lt/dashboard/company","who":"company","tag":"a","text":"Pakviesti","w":94,"h":38,"via":"self","primary":true,"testid":"company-invite-link","cls":"flex w-fit items-center gap-2 rounded-md border border-brand-blue/50 px-4 py-2 text-sm font-medium text-brand-","tapCls":""}
{"page":"/lt/dashboard/company","who":"company","tag":"a","text":"—","w":34,"h":20,"via":"self","primary":false,"testid":"company-worker-open-0dbd5eda-59b3-4f89-8d8e-01f41a542bd2","cls":"group inline-flex min-w-0 items-center gap-1.5 text-sm font-medium text-text-primary hover:text-brand-blue","tapCls":""}
{"page":"/lt/dashboard/company","who":"company","tag":"a","text":"Peržiūrėti profilį","w":113,"h":27,"via":"self","primary":false,"testid":"","cls":"w-fit rounded-md border border-ink-500 px-2.5 py-1 text-xs font-medium text-text-secondary hover:border-brand-","tapCls":""}
{"page":"/lt/dashboard/company","who":"company","tag":"button","text":"Rašyti darbuotojui","w":126,"h":26,"via":"self","primary":true,"testid":"message-button-messageWorker","cls":"w-fit rounded-md border border-brand-blue/40 px-2.5 py-1 text-xs font-medium text-brand-blue hover:bg-brand-bl","tapCls":""}
{"page":"/lt/dashboard/company","who":"company","tag":"button","text":"Išsaugoti rolę","w":102,"h":26,"via":"self","primary":true,"testid":"worker-ops-save-0dbd5eda-59b3-4f89-8d8e-01f41a542bd2","cls":"self-start rounded-md bg-brand-blue px-3 py-1 text-meta font-semibold text-text-primary hover:bg-brand-blue/80","tapCls":""}
{"page":"/lt/dashboard/company","who":"company","tag":"input[checkbox]","text":"INPUT","w":13,"h":13,"via":"self","primary":true,"testid":"worker-ops-review-toggle-0dbd5eda-59b3-4f89-8d8e-01f41a542bd2","cls":"","tapCls":""}
{"page":"/lt/dashboard/company","who":"company","tag":"button","text":"Sukurti kvietimą","w":142,"h":36,"via":"self","primary":true,"testid":"company-workers-invite-submit","cls":"self-start rounded-md bg-brand-blue px-4 py-2 text-sm font-semibold text-text-primary hover:bg-brand-blue/80 d","tapCls":""}
{"page":"/lt/dashboard/company","who":"company","tag":"button","text":"Archyvuoti","w":99,"h":32,"via":"self","primary":true,"testid":"work-object-archive-ff63d57e-ce0e-40aa-ac08-64a609fd29a6","cls":"inline-flex h-8 items-center gap-1.5 rounded-md border border-ink-500 px-2 text-xs text-text-muted transition-","tapCls":""}
{"page":"/lt/dashboard/company","who":"company","tag":"button","text":"Išsaugoti","w":79,"h":36,"via":"self","primary":true,"testid":"work-object-responsible-save-ff63d57e-ce0e-40aa-ac08-64a609fd29a6","cls":"inline-flex h-9 items-center rounded-lg border border-ink-500 px-3 text-xs font-semibold text-text-secondary t","tapCls":""}
{"page":"/lt/dashboard/company","who":"company","tag":"button","text":"Išjungti peržiūrą","w":142,"h":36,"via":"self","primary":true,"testid":"toggle-review-90da8c16-f3b2-4b05-b5c3-2569ede0926c","cls":"inline-flex items-center justify-center gap-2 transition-colors focus-visible:outline-none focus-visible:ring-","tapCls":""}
{"page":"/lt/dashboard/company","who":"company","tag":"button","text":"Pašalinti iš organizacijos","w":198,"h":36,"via":"self","primary":true,"testid":"remove-member-90da8c16-f3b2-4b05-b5c3-2569ede0926c","cls":"inline-flex items-center justify-center gap-2 transition-colors focus-visible:outline-none focus-visible:ring-","tapCls":""}
{"page":"/lt/dashboard/company","who":"company","tag":"button","text":"BUTTON","w":140,"h":38,"via":"self","primary":true,"testid":"","cls":"inline-flex items-center justify-center gap-2 transition-colors focus-visible:outline-none focus-visible:ring-","tapCls":""}
{"page":"/lt/dashboard/company","who":"company","tag":"button","text":"BUTTON","w":146,"h":38,"via":"self","primary":true,"testid":"","cls":"inline-flex items-center justify-center gap-2 transition-colors focus-visible:outline-none focus-visible:ring-","tapCls":""}
{"page":"/lt/dashboard/company","who":"company","tag":"button","text":"BUTTON","w":185,"h":38,"via":"self","primary":true,"testid":"","cls":"inline-flex items-center justify-center gap-2 transition-colors focus-visible:outline-none focus-visible:ring-","tapCls":""}
{"page":"/lt/dashboard/company","who":"company","tag":"input[checkbox]","text":"item-1-required","w":79,"h":16,"via":"label","primary":true,"testid":"","cls":"","tapCls":"flex items-center gap-1 text-xs text-text-secondary"}
{"page":"/lt/dashboard/company","who":"company","tag":"input[checkbox]","text":"item-2-required","w":79,"h":16,"via":"label","primary":true,"testid":"","cls":"","tapCls":"flex items-center gap-1 text-xs text-text-secondary"}
{"page":"/lt/dashboard/company","who":"company","tag":"input[checkbox]","text":"item-3-required","w":79,"h":16,"via":"label","primary":true,"testid":"","cls":"","tapCls":"flex items-center gap-1 text-xs text-text-secondary"}
{"page":"/lt/dashboard/company","who":"company","tag":"input[checkbox]","text":"item-4-required","w":79,"h":16,"via":"label","primary":true,"testid":"","cls":"","tapCls":"flex items-center gap-1 text-xs text-text-secondary"}
{"page":"/lt/dashboard/company","who":"company","tag":"input[checkbox]","text":"item-5-required","w":79,"h":16,"via":"label","primary":true,"testid":"","cls":"","tapCls":"flex items-center gap-1 text-xs text-text-secondary"}
{"page":"/lt/dashboard/company","who":"company","tag":"input[checkbox]","text":"item-6-required","w":79,"h":16,"via":"label","primary":true,"testid":"","cls":"","tapCls":"flex items-center gap-1 text-xs text-text-secondary"}
{"page":"/lt/dashboard/company","who":"company","tag":"input[checkbox]","text":"item-7-required","w":79,"h":16,"via":"label","primary":true,"testid":"","cls":"","tapCls":"flex items-center gap-1 text-xs text-text-secondary"}
{"page":"/lt/dashboard/company","who":"company","tag":"input[checkbox]","text":"item-8-required","w":79,"h":16,"via":"label","primary":true,"testid":"","cls":"","tapCls":"flex items-center gap-1 text-xs text-text-secondary"}
{"page":"/lt/dashboard/company","who":"company","tag":"button","text":"BUTTON","w":137,"h":36,"via":"self","primary":true,"testid":"","cls":"inline-flex items-center justify-center gap-2 transition-colors focus-visible:outline-none focus-visible:ring-","tapCls":""}
{"page":"/lt/dashboard/company","who":"company","tag":"input[checkbox]","text":"INPUT","w":324,"h":20,"via":"label","primary":true,"testid":"","cls":"h-4 w-4 rounded border-ink-500","tapCls":"flex items-center gap-2 text-sm text-text-primary"}
{"page":"/lt/dashboard/company","who":"company","tag":"button","text":"Užpildyti pagal paskutinę užklausą","w":269,"h":38,"via":"self","primary":true,"testid":"demand-prefill-last","cls":"inline-flex items-center justify-center gap-2 transition-colors focus-visible:outline-none focus-visible:ring-","tapCls":""}
{"page":"/lt/dashboard/company","who":"company","tag":"button","text":"Toliau →","w":316,"h":36,"via":"self","primary":true,"testid":"demand-next","cls":"inline-flex items-center justify-center gap-2 transition-colors focus-visible:outline-none focus-visible:ring-","tapCls":""}
{"page":"/lt/dashboard/company","who":"company","tag":"button","text":"Išsaugoti juodraštį privačiai","w":316,"h":38,"via":"self","primary":true,"testid":"demand-save-draft","cls":"inline-flex items-center justify-center gap-2 transition-colors focus-visible:outline-none focus-visible:ring-","tapCls":""}
{"page":"/lt/dashboard/company","who":"company","tag":"a","text":"Šios užklausos atitikmenys ir susidomėjimas →","w":270,"h":16,"via":"self","primary":false,"testid":"demand-readback-scout-link","cls":"inline-flex w-fit items-center gap-1 text-xs font-medium text-brand-blue transition-colors hover:text-brand-cy","tapCls":""}
{"page":"/lt/dashboard/company","who":"company","tag":"button","text":"Pridėti vietos signalą","w":161,"h":30,"via":"self","primary":true,"testid":"demand-location-capture-open","cls":"inline-flex w-fit items-center gap-1.5 rounded-md border border-border-subtle bg-surface-1 px-2.5 py-1.5 text-","tapCls":""}
{"page":"/lt/dashboard/company","who":"company","tag":"a","text":"Atverti žvalgybą →","w":154,"h":34,"via":"self","primary":true,"testid":"company-scouting-bridge-cta","cls":"self-start rounded-md border border-brand-blue/40 px-3 py-1.5 text-sm font-medium text-brand-blue transition-c","tapCls":""}
{"page":"/lt/dashboard/company","who":"company","tag":"a","text":"Mano įgūdžiai (jei esate ir asmuo, ne tik įmonė)","w":330,"h":20,"via":"self","primary":true,"testid":"company-dashboard-profile-link","cls":"self-start text-sm text-brand-blue hover:underline","tapCls":""}
{"page":"/lt/dashboard/company","who":"company","tag":"a","text":"Sukurta Rexora","w":86,"h":15,"via":"self","primary":true,"testid":"","cls":"text-xs text-text-muted transition-colors hover:text-text-secondary","tapCls":""}
{"page":"/lt/dashboard/inbox/quick","who":"company","nav":"ok","finalUrl":"/lt/dashboard/inbox/quick","total":2,"primary":2,"failed":[]}
{"page":"/lt/dashboard/inbox/quick","who":"company","tag":"a","text":"Detali peržiūra →","w":99,"h":16,"via":"self","primary":true,"testid":"quick-detailed-link","cls":"w-fit text-xs font-medium text-brand-blue hover:underline","tapCls":""}
{"page":"/lt/dashboard/inbox/quick","who":"company","tag":"a","text":"Sukurta Rexora","w":86,"h":15,"via":"self","primary":true,"testid":"","cls":"text-xs text-text-muted transition-colors hover:text-text-secondary","tapCls":""}
{"result":"FAIL","primaryUnderMin":85,"rows":97,"build":"6f6820ad"}
